[2026-07-10T10:41:45.131Z] GET http://localhost:4321/2d/dom/ → pending (?ms, ?B)
[2026-07-10T10:41:46.586Z] GET http://localhost:4321/node_modules/astro/components/ClientRouter.astro?v=f514fd61&astro&type=script&index=0&lang.ts → 200 (39ms, 14156B)
[2026-07-10T10:41:46.586Z] GET http://localhost:4321/src/components/Head.astro?astro&type=script&index=0&lang.ts → 200 (50ms, 26538B)
[2026-07-10T10:41:46.586Z] GET http://localhost:4321/@vite/client → 200 (50ms, 297591B)
[2026-07-10T10:41:46.589Z] GET http://localhost:4321/@fs/C:/Users/1/Documents/Downloads/layaair_doc/htmldoc/node_modules/astro/dist/runtime/client/dev-toolbar/entrypoint.js?v=f514fd61 → 200 (49ms, 52465B)
[2026-07-10T10:41:46.589Z] GET http://localhost:4321/@id/astro:scripts/page.js → 200 (37ms, 143172B)
[2026-07-10T10:41:46.589Z] GET http://localhost:4321/src/styles/custom.css → 200 (50ms, 26715B)
[2026-07-10T10:41:46.590Z] GET http://localhost:4321/node_modules/@astrojs/starlight/style/layers.css → 200 (49ms, 665B)
[2026-07-10T10:41:46.590Z] GET http://localhost:4321/node_modules/@astrojs/starlight/style/props.css → 200 (49ms, 8466B)
[2026-07-10T10:41:46.590Z] GET http://localhost:4321/node_modules/@astrojs/starlight/style/reset.css → 200 (50ms, 1262B)
[2026-07-10T10:41:46.590Z] GET http://localhost:4321/node_modules/@astrojs/starlight/style/asides.css → 200 (52ms, 2070B)
[2026-07-10T10:41:46.590Z] GET http://localhost:4321/node_modules/@astrojs/starlight/style/util.css → 200 (52ms, 1842B)
[2026-07-10T10:41:46.590Z] GET http://localhost:4321/node_modules/@astrojs/starlight/style/anchor-links.css → 200 (53ms, 5535B)
[2026-07-10T10:41:46.590Z] GET http://localhost:4321/node_modules/@astrojs/starlight/components/Banner.astro?astro&type=style&index=0&lang.css → 200 (49ms, 1090B)
[2026-07-10T10:41:46.590Z] GET http://localhost:4321/node_modules/@astrojs/starlight/components/ContentPanel.astro?astro&type=style&index=0&lang.css → 200 (50ms, 1114B)
[2026-07-10T10:41:46.590Z] GET http://localhost:4321/node_modules/@astrojs/starlight/user-components/Icon.astro?astro&type=style&index=0&lang.css → 200 (50ms, 777B)
[2026-07-10T10:41:46.590Z] GET http://localhost:4321/node_modules/@astrojs/starlight/components/ContentNotice.astro?astro&type=style&index=0&lang.css → 200 (50ms, 970B)
[2026-07-10T10:41:46.590Z] GET http://localhost:4321/node_modules/@astrojs/starlight/components/EditLink.astro?astro&type=style&index=0&lang.css → 200 (52ms, 823B)
[2026-07-10T10:41:46.590Z] GET http://localhost:4321/node_modules/@astrojs/starlight/components/Pagination.astro?astro&type=style&index=0&lang.css → 200 (52ms, 1458B)
[2026-07-10T10:41:46.590Z] GET http://localhost:4321/node_modules/@astrojs/starlight/user-components/Badge.astro?astro&type=style&index=0&lang.css → 200 (53ms, 3742B)
[2026-07-10T10:41:46.590Z] GET http://localhost:4321/node_modules/@astrojs/starlight/user-components/Card.astro?astro&type=style&index=0&lang.css → 200 (53ms, 1971B)
[2026-07-10T10:41:46.590Z] GET http://localhost:4321/node_modules/@astrojs/starlight/user-components/CardGrid.astro?astro&type=style&index=0&lang.css → 200 (75ms, 1103B)
[2026-07-10T10:41:46.590Z] GET http://localhost:4321/node_modules/@astrojs/starlight/user-components/Tabs.astro?astro&type=style&index=0&lang.css → 200 (75ms, 1478B)
[2026-07-10T10:41:46.590Z] GET http://localhost:4321/node_modules/@astrojs/starlight/user-components/LinkCard.astro?astro&type=style&index=0&lang.css → 200 (75ms, 1592B)
[2026-07-10T10:41:46.590Z] GET http://localhost:4321/node_modules/@astrojs/starlight/user-components/Steps.astro?astro&type=style&index=0&lang.css → 200 (75ms, 3335B)
[2026-07-10T10:41:46.590Z] GET http://localhost:4321/node_modules/@astrojs/starlight/user-components/FileTree.astro?astro&type=style&index=0&lang.css → 200 (76ms, 3552B)
[2026-07-10T10:41:46.590Z] GET http://localhost:4321/node_modules/@astrojs/starlight/user-components/LinkButton.astro?astro&type=style&index=0&lang.css → 200 (76ms, 1718B)
[2026-07-10T10:41:46.590Z] GET http://localhost:4321/node_modules/@astrojs/starlight/components/Footer.astro?astro&type=style&index=0&lang.css → 200 (107ms, 1261B)
[2026-07-10T10:41:46.590Z] GET http://localhost:4321/src/components/CustomFooter.astro?astro&type=style&index=0&lang.css → 200 (108ms, ?B)
[2026-07-10T10:41:46.590Z] GET http://localhost:4321/node_modules/astro/components/ClientRouter.astro?astro&type=style&index=0&lang.css → 200 (108ms, ?B)
[2026-07-10T10:41:46.590Z] GET http://localhost:4321/node_modules/@astrojs/starlight/components/Select.astro?astro&type=style&index=0&lang.css → 200 (109ms, ?B)
[2026-07-10T10:41:46.590Z] GET http://localhost:4321/src/components/Search.astro?astro&type=style&index=0&lang.css → 200 (109ms, ?B)
[2026-07-10T10:41:46.590Z] GET http://localhost:4321/src/components/Search.astro?astro&type=style&index=1&lang.css → 200 (116ms, ?B)
[2026-07-10T10:41:46.590Z] GET http://localhost:4321/src/components/SiteTitle.astro?astro&type=style&index=0&lang.css → 200 (116ms, ?B)
[2026-07-10T10:41:46.590Z] GET http://localhost:4321/node_modules/@astrojs/starlight/components/SocialIcons.astro?astro&type=style&index=0&lang.css → 200 (119ms, ?B)
[2026-07-10T10:41:46.590Z] GET http://localhost:4321/src/components/EmptyThemeSelect.astro?astro&type=style&index=0&lang.css → 200 (119ms, ?B)
[2026-07-10T10:41:46.591Z] GET http://localhost:4321/node_modules/@astrojs/starlight/components/Header.astro?astro&type=style&index=0&lang.css → 200 (118ms, ?B)
[2026-07-10T10:41:46.591Z] GET http://localhost:4321/node_modules/@astrojs/starlight/components/Hero.astro?astro&type=style&index=0&lang.css → 200 (119ms, ?B)
[2026-07-10T10:41:46.591Z] GET http://localhost:4321/node_modules/@astrojs/starlight/style/markdown.css → 200 (121ms, ?B)
[2026-07-10T10:41:46.591Z] GET http://localhost:4321/node_modules/@astrojs/starlight/components/MobileMenuToggle.astro?astro&type=style&index=0&lang.css → 200 (119ms, ?B)
[2026-07-10T10:41:46.591Z] GET http://localhost:4321/node_modules/@astrojs/starlight/components/MobileMenuToggle.astro?astro&type=style&index=1&lang.css → 200 (119ms, ?B)
[2026-07-10T10:41:46.591Z] GET http://localhost:4321/node_modules/@astrojs/starlight/components/PageFrame.astro?astro&type=style&index=0&lang.css → 200 (119ms, ?B)
[2026-07-10T10:41:46.591Z] GET http://localhost:4321/node_modules/@astrojs/starlight/components/TableOfContents/TableOfContentsList.astro?astro&type=style&index=0&lang.css → 200 (119ms, ?B)
[2026-07-10T10:41:46.591Z] GET http://localhost:4321/node_modules/@astrojs/starlight/components/MobileTableOfContents.astro?astro&type=style&index=0&lang.css → 200 (120ms, ?B)
[2026-07-10T10:41:46.591Z] GET http://localhost:4321/node_modules/@astrojs/starlight/components/PageSidebar.astro?astro&type=style&index=0&lang.css → 200 (120ms, ?B)
[2026-07-10T10:41:46.591Z] GET http://localhost:4321/node_modules/@astrojs/starlight/components/PageTitle.astro?astro&type=style&index=0&lang.css → 200 (120ms, ?B)
[2026-07-10T10:41:46.591Z] GET http://localhost:4321/node_modules/@astrojs/starlight/components/MobileMenuFooter.astro?astro&type=style&index=0&lang.css → 200 (120ms, ?B)
[2026-07-10T10:41:46.591Z] GET http://localhost:4321/node_modules/@astrojs/starlight/components/SidebarPersister.astro?astro&type=style&index=0&lang.css → 200 (120ms, ?B)
[2026-07-10T10:41:46.591Z] GET http://localhost:4321/node_modules/@astrojs/starlight/components/SidebarSublist.astro?astro&type=style&index=0&lang.css → 200 (120ms, ?B)
[2026-07-10T10:41:46.591Z] GET http://localhost:4321/src/components/VersionSidebar.astro?astro&type=style&index=0&lang.css → 200 (121ms, ?B)
[2026-07-10T10:41:46.591Z] GET http://localhost:4321/node_modules/@astrojs/starlight/components/SkipLink.astro?astro&type=style&index=0&lang.css → 200 (121ms, ?B)
[2026-07-10T10:41:46.591Z] GET http://localhost:4321/node_modules/@astrojs/starlight/components/TwoColumnContent.astro?astro&type=style&index=0&lang.css → 200 (121ms, ?B)
[2026-07-10T10:41:46.591Z] GET http://localhost:4321/node_modules/@astrojs/starlight/style/print.css?url&no-inline → 200 (121ms, ?B)
[2026-07-10T10:41:46.591Z] GET http://localhost:4321/node_modules/@astrojs/starlight/components/Page.astro?astro&type=style&index=0&lang.css → 200 (121ms, ?B)
[2026-07-10T10:41:46.591Z] GET http://localhost:4321/@fs/C:/Users/1/Documents/Downloads/layaair_doc/htmldoc/src/assets/layaair3-logo.png?origWidth=3515&origHeight=720&origFormat=png → 200 (104ms, 103131B)
[2026-07-10T10:41:46.596Z] GET http://localhost:4321/node_modules/@astrojs/starlight/style/print.css?no-inline → 200 (100ms, 5011B)
[2026-07-10T10:41:46.596Z] GET http://localhost:4321/@fs/C:/Users/1/Documents/Downloads/layaair_doc/htmldoc/src/assets/layaair3-logo-dark.png?origWidth=3515&origHeight=720&origFormat=png → 200 (99ms, 98904B)
[2026-07-10T10:41:46.596Z] GET http://localhost:4321/src/components/Search.astro?astro&type=script&index=0&lang.ts → 200 (119ms, ?B)
[2026-07-10T10:41:46.596Z] GET http://localhost:4321/src/components/EmptyThemeSelect.astro?astro&type=script&index=0&lang.ts → 200 (120ms, ?B)
[2026-07-10T10:41:46.596Z] GET http://localhost:4321/node_modules/@astrojs/starlight/components/LanguageSelect.astro?v=f514fd61&astro&type=script&index=0&lang.ts → 200 (120ms, ?B)
[2026-07-10T10:41:46.596Z] GET http://localhost:4321/node_modules/@astrojs/starlight/components/MobileMenuToggle.astro?v=f514fd61&astro&type=script&index=0&lang.ts → 200 (120ms, ?B)
[2026-07-10T10:41:46.635Z] GET http://localhost:4321/src/components/VersionSidebar.astro?astro&type=script&index=0&lang.ts → 200 (81ms, ?B)
[2026-07-10T10:41:46.635Z] GET http://localhost:4321/node_modules/@astrojs/starlight/components/Page.astro?v=f514fd61&astro&type=script&index=0&lang.ts → 200 (81ms, ?B)
[2026-07-10T10:41:46.635Z] GET http://localhost:4321/node_modules/@astrojs/starlight/components/MobileTableOfContents.astro?v=f514fd61&astro&type=script&index=0&lang.ts → 200 (81ms, ?B)
[2026-07-10T10:41:46.635Z] GET http://localhost:4321/node_modules/@astrojs/starlight/components/TableOfContents.astro?v=f514fd61&astro&type=script&index=0&lang.ts → 200 (82ms, ?B)
[2026-07-10T10:41:46.635Z] GET http://localhost:4321/src/components/CustomFooter.astro?astro&type=script&index=0&lang.ts → 200 (82ms, ?B)
[2026-07-10T10:41:46.636Z] GET http://localhost:4321/_astro/ec.v4551.css → 200 (28ms, 18222B)
[2026-07-10T10:41:46.636Z] GET http://localhost:4321/_astro/ec.0vx5m.js → 200 (81ms, ?B)
[2026-07-10T10:41:46.636Z] GET https://cdn.plyr.io/1.8.2/plyr.js → pending (?ms, ?B)
[2026-07-10T10:41:46.636Z] GET https://cdn.jsdelivr.net/hls.js/latest/hls.js → pending (?ms, ?B)
[2026-07-10T10:41:46.642Z] GET http://localhost:4321/@id/__x00__astro:transitions/client → 200 (75ms, ?B)
[2026-07-10T10:41:46.642Z] GET http://localhost:4321/node_modules/astro/dist/virtual-modules/prefetch.js?v=f514fd61 → 200 (75ms, ?B)
[2026-07-10T10:41:46.695Z] GET http://localhost:4321/2D/dom/img/1.png → 200 (3ms, ?B)
[2026-07-10T10:41:46.697Z] GET http://localhost:4321/node_modules/vite/dist/client/env.mjs → 200 (20ms, ?B)
[2026-07-10T10:41:46.697Z] GET http://localhost:4321/@id/__x00__astro:toolbar:internal → 200 (20ms, ?B)
[2026-07-10T10:41:46.697Z] GET http://localhost:4321/node_modules/astro/dist/runtime/client/dev-toolbar/helpers.js?v=f514fd61 → 200 (21ms, ?B)
[2026-07-10T10:41:46.697Z] GET http://localhost:4321/node_modules/astro/dist/runtime/client/dev-toolbar/settings.js?v=f514fd61 → 200 (23ms, ?B)
[2026-07-10T10:41:46.721Z] GET http://localhost:4321/@id/__x00__virtual:starlight/pagefind-config → pending (?ms, ?B)
[2026-07-10T10:41:46.721Z] GET http://localhost:4321/node_modules/@astrojs/starlight/components/SidebarPersistState.ts?v=f514fd61 → pending (?ms, ?B)
[2026-07-10T10:41:46.721Z] GET http://localhost:4321/node_modules/@astrojs/starlight/components/TableOfContents/starlight-toc.ts?v=f514fd61 → pending (?ms, ?B)
[2026-07-10T10:41:46.721Z] GET http://localhost:4321/node_modules/astro/dist/virtual-modules/transitions-router.js?v=f514fd61 → pending (?ms, ?B)
[2026-07-10T10:41:46.721Z] GET http://localhost:4321/node_modules/astro/dist/virtual-modules/transitions-types.js?v=f514fd61 → pending (?ms, ?B)
[2026-07-10T10:41:46.721Z] GET http://localhost:4321/node_modules/astro/dist/virtual-modules/transitions-events.js?v=f514fd61 → pending (?ms, ?B)
[2026-07-10T10:41:46.721Z] GET http://localhost:4321/node_modules/astro/dist/virtual-modules/transitions-swap-functions.js?v=f514fd61 → pending (?ms, ?B)
[2026-07-10T10:41:46.721Z] GET http://localhost:4321/node_modules/astro/dist/prefetch/index.js?v=f514fd61 → pending (?ms, ?B)
[2026-07-10T10:41:46.767Z] GET http://localhost:4321/2D/dom/img/2.png → 200 (13ms, 14492B)
[2026-07-10T10:41:46.767Z] GET http://localhost:4321/2D/dom/img/3.png → 200 (13ms, 155618B)
[2026-07-10T10:41:46.767Z] GET http://localhost:4321/node_modules/astro/dist/runtime/client/dev-toolbar/ui-library/window.js?v=f514fd61 → 200 (17ms, 19284B)
[2026-07-10T10:41:46.783Z] GET http://localhost:4321/node_modules/astro/dist/transitions/router.js?v=f514fd61 → 200 (6ms, 93770B)
[2026-07-10T10:41:46.783Z] GET http://localhost:4321/node_modules/astro/dist/transitions/types.js?v=f514fd61 → 200 (5ms, 179B)
[2026-07-10T10:41:46.784Z] GET http://localhost:4321/node_modules/astro/dist/transitions/events.js?v=f514fd61 → 200 (6ms, 20524B)
[2026-07-10T10:41:46.784Z] GET http://localhost:4321/node_modules/astro/dist/transitions/swap-functions.js?v=f514fd61 → 200 (9ms, 23023B)
[2026-07-10T10:41:46.784Z] GET http://localhost:4321/node_modules/@astrojs/starlight/constants.ts?v=f514fd61 → 200 (8ms, 520B)
[2026-07-10T10:41:46.784Z] GET http://localhost:4321/@id/__x00__virtual:astro:adapter-config/client → 200 (8ms, 326B)
[2026-07-10T10:41:47.662Z] GET http://localhost:4321/__dev-editor/load?pathname=%2F2d%2Fdom%2F → pending (?ms, ?B)
[2026-07-10T10:41:47.667Z] GET http://localhost:4321/node_modules/astro/dist/runtime/client/dev-toolbar/apps/astro.js?v=f514fd61 → pending (?ms, ?B)
[2026-07-10T10:41:47.667Z] GET http://localhost:4321/node_modules/astro/dist/runtime/client/dev-toolbar/apps/audit/index.js?v=f514fd61 → pending (?ms, ?B)
[2026-07-10T10:41:47.667Z] GET http://localhost:4321/node_modules/astro/dist/runtime/client/dev-toolbar/apps/xray.js?v=f514fd61 → pending (?ms, ?B)
[2026-07-10T10:41:47.667Z] GET http://localhost:4321/node_modules/astro/dist/runtime/client/dev-toolbar/apps/settings.js?v=f514fd61 → pending (?ms, ?B)
[2026-07-10T10:41:47.667Z] GET http://localhost:4321/node_modules/astro/dist/runtime/client/dev-toolbar/toolbar.js?v=f514fd61 → pending (?ms, ?B)
[2026-07-10T10:41:47.667Z] GET http://localhost:4321/node_modules/astro/dist/runtime/client/dev-toolbar/ui-library/index.js?v=f514fd61 → pending (?ms, ?B)
[2026-07-10T10:41:47.759Z] GET http://localhost:4321/__dev-editor/load?pathname=%2F2d%2Fdom%2F → 200 (?ms, 31528B)
[2026-07-10T10:41:47.765Z] GET http://localhost:4321/node_modules/astro/dist/runtime/client/dev-toolbar/ui-library/icons.js?v=f514fd61 → 200 (46ms, 277585B)
[2026-07-10T10:41:47.765Z] GET http://localhost:4321/node_modules/astro/dist/runtime/client/dev-toolbar/apps/utils/icons.js?v=f514fd61 → 200 (47ms, 5650B)
[2026-07-10T10:41:47.765Z] GET http://localhost:4321/node_modules/astro/dist/runtime/client/dev-toolbar/apps/utils/window.js?v=f514fd61 → 200 (47ms, 7595B)
[2026-07-10T10:41:47.767Z] GET http://localhost:4321/node_modules/astro/dist/runtime/client/dev-toolbar/apps/utils/highlight.js?v=f514fd61 → 200 (45ms, 11750B)
[2026-07-10T10:41:47.767Z] GET http://localhost:4321/node_modules/astro/dist/runtime/client/dev-toolbar/apps/audit/annotations.js?v=f514fd61 → 200 (45ms, 3862B)
[2026-07-10T10:41:47.767Z] GET http://localhost:4321/node_modules/astro/dist/runtime/client/dev-toolbar/apps/audit/rules/index.js?v=f514fd61 → 200 (46ms, 7035B)
[2026-07-10T10:41:47.767Z] GET http://localhost:4321/node_modules/astro/dist/runtime/client/dev-toolbar/apps/audit/ui/audit-list-item.js?v=f514fd61 → 200 (46ms, 16740B)
[2026-07-10T10:41:47.767Z] GET http://localhost:4321/node_modules/astro/dist/runtime/client/dev-toolbar/apps/audit/ui/audit-list-window.js?v=f514fd61 → 200 (47ms, 52021B)
[2026-07-10T10:41:47.767Z] GET http://localhost:4321/node_modules/astro/dist/runtime/client/dev-toolbar/apps/audit/ui/audit-ui.js?v=f514fd61 → 200 (47ms, 28018B)
[2026-07-10T10:41:47.767Z] GET http://localhost:4321/node_modules/html-escaper/esm/index.js?v=f514fd61 → 200 (47ms, 12896B)
[2026-07-10T10:41:47.767Z] GET http://localhost:4321/node_modules/astro/dist/runtime/client/dev-toolbar/ui-library/badge.js?v=f514fd61 → 200 (47ms, 16480B)
[2026-07-10T10:41:47.767Z] GET http://localhost:4321/node_modules/astro/dist/runtime/client/dev-toolbar/ui-library/button.js?v=f514fd61 → 200 (49ms, 25195B)
[2026-07-10T10:41:47.767Z] GET http://localhost:4321/node_modules/astro/dist/runtime/client/dev-toolbar/ui-library/card.js?v=f514fd61 → 200 (49ms, 19839B)
[2026-07-10T10:41:47.767Z] GET http://localhost:4321/node_modules/astro/dist/runtime/client/dev-toolbar/ui-library/highlight.js?v=f514fd61 → 200 (49ms, 21660B)
[2026-07-10T10:41:47.767Z] GET http://localhost:4321/node_modules/astro/dist/runtime/client/dev-toolbar/ui-library/icon.js?v=f514fd61 → 200 (49ms, 5667B)
[2026-07-10T10:41:47.767Z] GET http://localhost:4321/node_modules/astro/dist/runtime/client/dev-toolbar/ui-library/radio-checkbox.js?v=f514fd61 → 200 (49ms, 16332B)
[2026-07-10T10:41:47.767Z] GET http://localhost:4321/node_modules/astro/dist/runtime/client/dev-toolbar/ui-library/select.js?v=f514fd61 → 200 (49ms, 18147B)
[2026-07-10T10:41:47.768Z] GET http://localhost:4321/node_modules/astro/dist/runtime/client/dev-toolbar/ui-library/toggle.js?v=f514fd61 → 200 (48ms, 19016B)
[2026-07-10T10:41:47.768Z] GET http://localhost:4321/node_modules/astro/dist/runtime/client/dev-toolbar/ui-library/tooltip.js?v=f514fd61 → 200 (49ms, 23080B)
[2026-07-10T10:41:47.818Z] GET http://localhost:4321/node_modules/astro/dist/runtime/client/dev-toolbar/apps/audit/rules/a11y.js?v=f514fd61 → 200 (3ms, 122184B)
[2026-07-10T10:41:47.818Z] GET http://localhost:4321/node_modules/astro/dist/runtime/client/dev-toolbar/apps/audit/rules/perf.js?v=f514fd61 → 200 (1ms, 23587B)
[2026-07-10T10:41:47.825Z] GET http://localhost:4321/node_modules/.vite/deps/astro___aria-query.js?v=61446b4d → 200 (2ms, 205280B)
[2026-07-10T10:41:47.825Z] GET http://localhost:4321/node_modules/.vite/deps/astro___axobject-query.js?v=61446b4d → 200 (2ms, 112534B)
[2026-07-10T10:41:47.827Z] GET http://localhost:4321/node_modules/.vite/deps/chunk-JVWSFFO4.js?v=f514fd61 → 200 (?ms, 3100B)
[2026-07-10T10:41:47.961Z] GET http://localhost:4321/@fs/C:/Users/1/Documents/Downloads/layaair_doc/htmldoc/src/assets/layaair3-logo.png?origWidth=3515&origHeight=720&origFormat=png → 200 (2ms, 103131B)
[2026-07-10T10:41:47.964Z] GET http://localhost:4321/@fs/C:/Users/1/Documents/Downloads/layaair_doc/htmldoc/src/assets/layaair3-logo-dark.png?origWidth=3515&origHeight=720&origFormat=png → 200 (1ms, 98904B)
[2026-07-10T10:41:47.966Z] GET http://localhost:4321/2D/dom/img/1.png → 200 (1ms, 1121628B)
[2026-07-10T10:41:47.968Z] GET http://localhost:4321/2D/dom/img/2.png → 200 (1ms, 14492B)
[2026-07-10T10:41:47.970Z] GET http://localhost:4321/2D/dom/img/3.png → 200 (1ms, 155618B)
[2026-07-10T10:41:47.972Z] GET http://localhost:4321/2D/dom/img/4.png → 200 (3ms, 783043B)
[2026-07-10T10:41:47.984Z] GET http://localhost:4321/2D/dom/img/5.png → 200 (?ms, 11753B)
[2026-07-10T10:41:47.984Z] GET http://localhost:4321/2D/dom/img/6.gif → 200 (?ms, 68765B)
[2026-07-10T10:41:47.986Z] GET http://localhost:4321/2D/dom/img/6.gif → 200 (?ms, 68765B)
[2026-07-10T10:41:55.455Z] GET http://localhost:4321/2D/dom/img/4.png → 200 (4ms, 783043B)
[2026-07-10T10:41:55.455Z] GET http://localhost:4321/2D/dom/img/5.png → 200 (4ms, 11753B)
